image/cvc_handsfree/cvc_handsfree.kap
image/cvc_handsfree_bex/cvc_handsfree_bex.kap
image/cvc_handsfree_wb_wbs/cvc_handsfree_wb_wbs.kap
image/cvc_headset/cvc_headset.kap
image/cvc_headset_2mic/cvc_headset_2mic.kap
image/cvc_headset_2mic_bex/cvc_headset_2mic_bex.kap
image/cvc_headset_2mic_wb_wbs/cvc_headset_2mic_wb_wbs.kap
image/cvc_headset_bex/cvc_headset_bex.kap
image/cvc_headset_wb_wbs/cvc_headset_wb_wbs.kap
image/faststream_decoder/faststream_decoder.kap
image/headers/0.idx
image/headers/1.idx
image/headers/10.idx
image/headers/11.idx
image/headers/12.idx
image/headers/13.idx
image/headers/14.idx
image/headers/15.idx
image/headers/16.idx
image/headers/17.idx
image/headers/2.idx
image/headers/3.idx
image/headers/4.idx
image/headers/5.idx
image/headers/6.idx
image/headers/7.idx
image/headers/8.idx
image/headers/9.idx
image/mp3_decoder/mp3_decoder.kap
image/prompts/0.prm
image/prompts/1.prm
image/prompts/10.prm
image/prompts/11.prm
image/prompts/12.prm
image/prompts/13.prm
image/prompts/14.prm
image/prompts/15.prm
image/prompts/16.prm
image/prompts/17.prm
image/prompts/2.prm
image/prompts/3.prm
image/prompts/4.prm
image/prompts/5.prm
image/prompts/6.prm
image/prompts/7.prm
image/prompts/8.prm
image/prompts/9.prm
image/sbc_decoder/sbc_decoder.kap
image/out.xuv
image/vm.app
